# serializer version: 1
# name: TestStaticCriterionWhichSequence.test_which_age_gt50[datetime-event]
  set({
    11,
    12,
    14,
    15,
    16,
    17,
    19,
    21,
    23,
    24,
    25,
    26,
    27,
    28,
    30,
    32,
    33,
    34,
    35,
    36,
    40,
    41,
    43,
    46,
    47,
    48,
    50,
    51,
    52,
    54,
    57,
    58,
    59,
  })
# ---
# name: TestStaticCriterionWhichSequence.test_which_age_gt50[datetime-interval]
  set({
    11,
    12,
    14,
    15,
    16,
    17,
    19,
    21,
    23,
    24,
    25,
    26,
    27,
    28,
    30,
    32,
    33,
    34,
    35,
    36,
    40,
    41,
    43,
    46,
    47,
    48,
    50,
    51,
    52,
    54,
    57,
    58,
    59,
  })
# ---
# name: TestStaticCriterionWhichSequence.test_which_age_gt50[datetime-state]
  set({
    11,
    12,
    14,
    15,
    16,
    17,
    19,
    21,
    23,
    24,
    25,
    26,
    27,
    28,
    30,
    32,
    33,
    34,
    35,
    36,
    40,
    41,
    43,
    46,
    47,
    48,
    50,
    51,
    52,
    54,
    57,
    58,
    59,
  })
# ---
# name: TestStaticCriterionWhichSequence.test_which_age_gt50[timestep-event]
  set({
    11,
    12,
    14,
    15,
    16,
    17,
    19,
    21,
    23,
    24,
    25,
    26,
    27,
    28,
    30,
    32,
    33,
    34,
    35,
    36,
    40,
    41,
    43,
    46,
    47,
    48,
    50,
    51,
    52,
    54,
    57,
    58,
    59,
  })
# ---
# name: TestStaticCriterionWhichSequence.test_which_age_gt50[timestep-interval]
  set({
    11,
    12,
    14,
    15,
    16,
    17,
    19,
    21,
    23,
    24,
    25,
    26,
    27,
    28,
    30,
    32,
    33,
    34,
    35,
    36,
    40,
    41,
    43,
    46,
    47,
    48,
    50,
    51,
    52,
    54,
    57,
    58,
    59,
  })
# ---
# name: TestStaticCriterionWhichSequence.test_which_age_gt50[timestep-state]
  set({
    11,
    12,
    14,
    15,
    16,
    17,
    19,
    21,
    23,
    24,
    25,
    26,
    27,
    28,
    30,
    32,
    33,
    34,
    35,
    36,
    40,
    41,
    43,
    46,
    47,
    48,
    50,
    51,
    52,
    54,
    57,
    58,
    59,
  })
# ---
# name: TestStaticCriterionWhichSequence.test_which_group_a[datetime-event]
  set({
    12,
    18,
    19,
    28,
    30,
    31,
    33,
    38,
    44,
    45,
    53,
    58,
    60,
  })
# ---
# name: TestStaticCriterionWhichSequence.test_which_group_a[datetime-interval]
  set({
    12,
    18,
    19,
    28,
    30,
    31,
    33,
    38,
    44,
    45,
    53,
    58,
    60,
  })
# ---
# name: TestStaticCriterionWhichSequence.test_which_group_a[datetime-state]
  set({
    12,
    18,
    19,
    28,
    30,
    31,
    33,
    38,
    44,
    45,
    53,
    58,
    60,
  })
# ---
# name: TestStaticCriterionWhichSequence.test_which_group_a[timestep-event]
  set({
    12,
    18,
    19,
    28,
    30,
    31,
    33,
    38,
    44,
    45,
    53,
    58,
    60,
  })
# ---
# name: TestStaticCriterionWhichSequence.test_which_group_a[timestep-interval]
  set({
    12,
    18,
    19,
    28,
    30,
    31,
    33,
    38,
    44,
    45,
    53,
    58,
    60,
  })
# ---
# name: TestStaticCriterionWhichSequence.test_which_group_a[timestep-state]
  set({
    12,
    18,
    19,
    28,
    30,
    31,
    33,
    38,
    44,
    45,
    53,
    58,
    60,
  })
# ---
